------------------------------------------------------------
TimeQuest Timing Analyzer Summary
------------------------------------------------------------

Type  : Slow 1200mV 85C Model Setup 'bin_counter[23]'
Slack : -6.693
TNS   : -50.927

Type  : Slow 1200mV 85C Model Setup 'MooreOne:MooreState1|currentState.s0'
Slack : -4.407
TNS   : -13.780

Type  : Slow 1200mV 85C Model Setup 'clkin_50'
Slack : -2.338
TNS   : -35.954

Type  : Slow 1200mV 85C Model Setup 'sw[4]'
Slack : 0.360
TNS   : 0.000

Type  : Slow 1200mV 85C Model Hold 'sw[4]'
Slack : -2.442
TNS   : -2.442

Type  : Slow 1200mV 85C Model Hold 'bin_counter[23]'
Slack : 0.240
TNS   : 0.000

Type  : Slow 1200mV 85C Model Hold 'clkin_50'
Slack : 0.380
TNS   : 0.000

Type  : Slow 1200mV 85C Model Hold 'MooreOne:MooreState1|currentState.s0'
Slack : 0.669
TNS   : 0.000

Type  : Slow 1200mV 85C Model Minimum Pulse Width 'clkin_50'
Slack : -3.000
TNS   : -38.688

Type  : Slow 1200mV 85C Model Minimum Pulse Width 'sw[4]'
Slack : -3.000
TNS   : -3.000

Type  : Slow 1200mV 85C Model Minimum Pulse Width 'bin_counter[23]'
Slack : -1.487
TNS   : -28.253

Type  : Slow 1200mV 85C Model Minimum Pulse Width 'MooreOne:MooreState1|currentState.s0'
Slack : 0.379
TNS   : 0.000

Type  : Slow 1200mV 0C Model Setup 'bin_counter[23]'
Slack : -6.046
TNS   : -46.090

Type  : Slow 1200mV 0C Model Setup 'MooreOne:MooreState1|currentState.s0'
Slack : -4.151
TNS   : -12.941

Type  : Slow 1200mV 0C Model Setup 'clkin_50'
Slack : -2.002
TNS   : -30.305

Type  : Slow 1200mV 0C Model Setup 'sw[4]'
Slack : 0.190
TNS   : 0.000

Type  : Slow 1200mV 0C Model Hold 'sw[4]'
Slack : -2.162
TNS   : -2.162

Type  : Slow 1200mV 0C Model Hold 'bin_counter[23]'
Slack : 0.180
TNS   : 0.000

Type  : Slow 1200mV 0C Model Hold 'clkin_50'
Slack : 0.341
TNS   : 0.000

Type  : Slow 1200mV 0C Model Hold 'MooreOne:MooreState1|currentState.s0'
Slack : 0.644
TNS   : 0.000

Type  : Slow 1200mV 0C Model Minimum Pulse Width 'clkin_50'
Slack : -3.000
TNS   : -38.688

Type  : Slow 1200mV 0C Model Minimum Pulse Width 'sw[4]'
Slack : -3.000
TNS   : -3.000

Type  : Slow 1200mV 0C Model Minimum Pulse Width 'bin_counter[23]'
Slack : -1.487
TNS   : -28.253

Type  : Slow 1200mV 0C Model Minimum Pulse Width 'MooreOne:MooreState1|currentState.s0'
Slack : 0.354
TNS   : 0.000

Type  : Fast 1200mV 0C Model Setup 'bin_counter[23]'
Slack : -2.691
TNS   : -15.387

Type  : Fast 1200mV 0C Model Setup 'MooreOne:MooreState1|currentState.s0'
Slack : -1.798
TNS   : -3.871

Type  : Fast 1200mV 0C Model Setup 'clkin_50'
Slack : -0.461
TNS   : -1.537

Type  : Fast 1200mV 0C Model Setup 'sw[4]'
Slack : 1.033
TNS   : 0.000

Type  : Fast 1200mV 0C Model Hold 'sw[4]'
Slack : -1.200
TNS   : -1.200

Type  : Fast 1200mV 0C Model Hold 'bin_counter[23]'
Slack : 0.153
TNS   : 0.000

Type  : Fast 1200mV 0C Model Hold 'clkin_50'
Slack : 0.156
TNS   : 0.000

Type  : Fast 1200mV 0C Model Hold 'MooreOne:MooreState1|currentState.s0'
Slack : 0.163
TNS   : 0.000

Type  : Fast 1200mV 0C Model Minimum Pulse Width 'clkin_50'
Slack : -3.000
TNS   : -31.106

Type  : Fast 1200mV 0C Model Minimum Pulse Width 'sw[4]'
Slack : -3.000
TNS   : -4.316

Type  : Fast 1200mV 0C Model Minimum Pulse Width 'bin_counter[23]'
Slack : -1.000
TNS   : -19.000

Type  : Fast 1200mV 0C Model Minimum Pulse Width 'MooreOne:MooreState1|currentState.s0'
Slack : 0.357
TNS   : 0.000

------------------------------------------------------------
